[TOKEN]{
[WORD]int
[WORD]i
[TOKEN];
[WORD]i
[TOKEN]=
[INTEGER]0
[TOKEN];
[WORD]int
[WORD]a
[TOKEN][
[INTEGER]10
[TOKEN]]
[TOKEN];
[WHILE]
[TOKEN](
[WORD]i
[TOKEN]<
[INTEGER]10
[TOKEN])
[TOKEN]{
[WORD]a
[TOKEN][
[WORD]i
[TOKEN]]
[TOKEN]=
[WORD]i
[TOKEN];
[WORD]i
[TOKEN]=
[WORD]i
[TOKEN]+
[INTEGER]1
[TOKEN];
[TOKEN]}
[TOKEN]}
